[1/27] AFG: complete
[2/27] BDI: complete
[3/27] COD: complete
[4/27] CAF: complete
[5/27] DJI: complete
[6/27] DOM: complete
[7/27] ETH: complete
[8/27] GTM: complete
[9/27] HND: complete
[10/27] HTI: complete
[11/27] KEN: complete
[12/27] LBN: complete
[13/27] MDG: complete
[14/27] MOZ: complete
[15/27] MWI: complete
[16/27] PAK: complete
[17/27] SDN: complete
[18/27] SOM: complete
[19/27] SLV: complete
[20/27] SSD: complete
[21/27] SWZ: complete
[22/27] TJK: complete
[23/27] UGA: complete
[24/27] TZA: complete
[25/27] YEM: complete
[26/27] ZAF: complete
[27/27] ZMB: complete
micro_metrics: 2.Source Code\produced_graph\loco_windows203_rerun_20260916\strict_temporal\strict_temporal_loco_micro_metrics.csv
forecasting_predictions: 2.Source Code\produced_graph\loco_windows203_rerun_20260916\strict_temporal\strict_temporal_loco_forecasting_predictions.csv
nowcasting_predictions: 2.Source Code\produced_graph\loco_windows203_rerun_20260916\strict_temporal\strict_temporal_loco_nowcasting_predictions.csv
area_metrics: 2.Source Code\produced_graph\loco_windows203_rerun_20260916\strict_temporal\strict_temporal_loco_area_metrics.csv
area_macro_denominators: 2.Source Code\produced_graph\loco_windows203_rerun_20260916\strict_temporal\strict_temporal_loco_area_macro_denominators.csv
fold_audit: 2.Source Code\produced_graph\loco_windows203_rerun_20260916\strict_temporal\strict_temporal_loco_fold_audit.csv
skipped_folds: 2.Source Code\produced_graph\loco_windows203_rerun_20260916\strict_temporal\strict_temporal_loco_skipped_folds.csv
source_audit: 2.Source Code\produced_graph\loco_windows203_rerun_20260916\strict_temporal\strict_temporal_loco_source_audit.csv
